targets {
 "1": {
  "L2": 0.6200124301492831,
  "L3_n300": 0.7234807761178959,
  "L5_n300": 0.909393443366976,
  "n": 13
 },
 "7": {
  "L2": 0.49744150391902353,
  "L3_n300": 0.6163446598244804,
  "L5_n300": 0.86580702733759,
  "n": 23
 },
 "30": {
  "L2": 0.019621495016137684,
  "L3_n300": 0.30433691134573215,
  "L5_n300": 0.8349325570846063,
  "n": 32
 },
 "120": {
  "L2": -0.11800118267109122,
  "L3_n300": 0.23586824081303845,
  "L5_n300": 0.7948300923027192,
  "n": 31
 },
 "480": {
  "L2": -0.31955012480202283,
  "L3_n300": 0.22676922871147376,
  "L5_n300": 0.7846844341551518,
  "n": 12
 }
}
[1] 65s loss=1.1683 s_mix0=1.01 s_mix=1.46 tau_mix=14.8 rho0=0.04 rho_inf=0.0847 tau_rho=245
[2] 126s loss=1.2461 s_mix0=0.186 s_mix=0.0377 tau_mix=70.2 rho0=0.121 rho_inf=0.591 tau_rho=45.1
[3] 187s loss=12.5393 s_mix0=0.0553 s_mix=0.632 tau_mix=5.89 rho0=0.00844 rho_inf=0.856 tau_rho=15.6
[4] 250s loss=1.7995 s_mix0=0.325 s_mix=0.158 tau_mix=157 rho0=0.269 rho_inf=0.443 tau_rho=1.23e+03
[5] 311s loss=0.9820 s_mix0=0.591 s_mix=0.237 tau_mix=41.9 rho0=0.42 rho_inf=0.498 tau_rho=398
[6] 370s loss=14.2779 s_mix0=0.0345 s_mix=0.0685 tau_mix=25 rho0=0.0146 rho_inf=0.946 tau_rho=105
[7] 426s loss=9.4463 s_mix0=0.107 s_mix=0.989 tau_mix=272 rho0=0.202 rho_inf=0.817 tau_rho=40.7
[8] 483s loss=3.8145 s_mix0=1.98 s_mix=0.0297 tau_mix=3.65 rho0=0.0745 rho_inf=0.0967 tau_rho=2.24e+03
[9] 539s loss=1.5101 s_mix0=1.48 s_mix=0.36 tau_mix=416 rho0=0.0189 rho_inf=0.469 tau_rho=907
[10] 595s loss=0.9483 s_mix0=0.0801 s_mix=0.144 tau_mix=2.8 rho0=0.436 rho_inf=0.481 tau_rho=11.5
[11] 650s loss=2.4883 s_mix0=0.0259 s_mix=1.53 tau_mix=54.5 rho0=0.0447 rho_inf=0.386 tau_rho=61.9
[12] 706s loss=2.5471 s_mix0=0.442 s_mix=0.0589 tau_mix=16.3 rho0=0.143 rho_inf=0.841 tau_rho=336
[13] 762s loss=1.7726 s_mix0=0.243 s_mix=0.724 tau_mix=4.57 rho0=0.0874 rho_inf=0.906 tau_rho=1.49e+03
[14] 818s loss=4.2547 s_mix0=0.0416 s_mix=0.0242 tau_mix=242 rho0=0.0234 rho_inf=0.18 tau_rho=27.1
[15] 874s loss=2.0857 s_mix0=0.139 s_mix=0.297 tau_mix=9.57 rho0=0.287 rho_inf=0.308 tau_rho=156
[16] 931s loss=1.6586 s_mix0=0.751 s_mix=0.103 tau_mix=90.4 rho0=0.0103 rho_inf=0.631 tau_rho=592
[17] 986s loss=0.8241 s_mix0=0.706 s_mix=0.321 tau_mix=2.33 rho0=0.18 rho_inf=0.382 tau_rho=24.1
[18] 1041s loss=4.1585 s_mix0=0.122 s_mix=0.0963 tau_mix=488 rho0=0.0625 rho_inf=0.895 tau_rho=1.9e+03
[19] 1098s loss=0.8330 s_mix0=0.0405 s_mix=0.782 tau_mix=18.9 rho0=0.37 rho_inf=0.717 tau_rho=673
[20] 1154s loss=4.6348 s_mix0=0.22 s_mix=0.0226 tau_mix=44.8 rho0=0.0134 rho_inf=0.072 tau_rho=124
[21] 1210s loss=2.4148 s_mix0=0.38 s_mix=1.91 tau_mix=207 rho0=0.00674 rho_inf=0.0267 tau_rho=13.5
[22] 1266s loss=1.7101 s_mix0=0.0207 s_mix=0.0477 tau_mix=5.52 rho0=0.249 rho_inf=0.772 tau_rho=746
[23] 1322s loss=5.1206 s_mix0=0.0664 s_mix=0.449 tau_mix=110 rho0=0.0355 rho_inf=0.939 tau_rho=283
[24] 1378s loss=0.9621 s_mix0=1.14 s_mix=0.116 tau_mix=8.27 rho0=0.104 rho_inf=0.191 tau_rho=74.3
[25] 1434s loss=16.1484 s_mix0=1.52 s_mix=0.916 tau_mix=84.6 rho0=0.326 rho_inf=0.87 tau_rho=90.1
[26] 1490s loss=4.4366 s_mix0=0.0883 s_mix=0.0318 tau_mix=12.7 rho0=0.0119 rho_inf=0.302 tau_rho=491
[27] 1546s loss=4.4295 s_mix0=0.0275 s_mix=0.219 tau_mix=135 rho0=0.0948 rho_inf=0.163 tau_rho=2.58e+03
[28] 1603s loss=1.4562 s_mix0=0.506 s_mix=0.0733 tau_mix=7.18 rho0=0.0285 rho_inf=0.413 tau_rho=32.7
[29] 1659s loss=3.0348 s_mix0=0.294 s_mix=0.506 tau_mix=29.3 rho0=0.0497 rho_inf=0.684 tau_rho=50
[30] 1714s loss=3.3353 s_mix0=0.0538 s_mix=0.195 tau_mix=34.7 rho0=0.173 rho_inf=0.207 tau_rho=191
[31] 1769s loss=1.0505 s_mix0=0.162 s_mix=1.17 tau_mix=2.99 rho0=0.0222 rho_inf=0.2 tau_rho=1.12e+03
[32] 1825s loss=34.5815 s_mix0=0.943 s_mix=0.0466 tau_mix=315 rho0=0.468 rho_inf=0.962 tau_rho=20.3
[33] 1880s loss=0.8241 s_mix0=0.706 s_mix=0.321 tau_mix=2.33 rho0=0.18 rho_inf=0.382 tau_rho=24.1
[34] 1937s loss=5.5343 s_mix0=1.77 s_mix=0.321 tau_mix=2.33 rho0=0.18 rho_inf=0.382 tau_rho=24.1
[35] 1993s loss=1.0874 s_mix0=0.706 s_mix=0.806 tau_mix=2.33 rho0=0.18 rho_inf=0.382 tau_rho=24.1
[36] 2049s loss=0.8210 s_mix0=0.706 s_mix=0.321 tau_mix=7.02 rho0=0.18 rho_inf=0.382 tau_rho=24.1
[37] 2106s loss=1.3538 s_mix0=0.706 s_mix=0.321 tau_mix=2.33 rho0=0.374 rho_inf=0.528 tau_rho=24.1
[38] 2162s loss=2.5961 s_mix0=0.706 s_mix=0.321 tau_mix=2.33 rho0=0.18 rho_inf=0.648 tau_rho=24.1
[39] 2219s loss=1.1245 s_mix0=0.706 s_mix=0.321 tau_mix=2.33 rho0=0.18 rho_inf=0.382 tau_rho=75.3
[40] 2276s loss=0.8024 s_mix0=0.281 s_mix=0.436 tau_mix=3.36 rho0=0.235 rho_inf=0.497 tau_rho=35.2
[41] 2333s loss=0.7446 s_mix0=0.112 s_mix=0.508 tau_mix=4.04 rho0=0.266 rho_inf=0.558 tau_rho=42.6
[42] 2389s loss=1.1606 s_mix0=0.382 s_mix=0.508 tau_mix=4.04 rho0=0.266 rho_inf=0.334 tau_rho=42.6
[43] 2446s loss=1.2611 s_mix0=0.311 s_mix=0.593 tau_mix=4.85 rho0=0.101 rho_inf=0.298 tau_rho=51.5
[44] 2504s loss=1.4978 s_mix0=0.382 s_mix=0.508 tau_mix=4.04 rho0=0.146 rho_inf=0.339 tau_rho=42.6
[45] 2561s loss=0.8673 s_mix0=0.281 s_mix=0.404 tau_mix=5.32 rho0=0.22 rho_inf=0.468 tau_rho=32
[46] 2617s loss=0.8607 s_mix0=0.281 s_mix=0.404 tau_mix=3.06 rho0=0.22 rho_inf=0.468 tau_rho=32
[47] 2673s loss=0.7707 s_mix0=0.281 s_mix=0.64 tau_mix=3.06 rho0=0.22 rho_inf=0.468 tau_rho=32
[48] 2724s loss=0.9266 s_mix0=0.281 s_mix=0.404 tau_mix=3.06 rho0=0.22 rho_inf=0.468 tau_rho=56.6
[49] 2774s loss=0.9179 s_mix0=0.207 s_mix=0.508 tau_mix=4.04 rho0=0.266 rho_inf=0.417 tau_rho=42.6
[50] 2826s loss=0.7319 s_mix0=0.281 s_mix=0.404 tau_mix=3.06 rho0=0.317 rho_inf=0.534 tau_rho=32
[51] 2876s loss=0.6988 s_mix0=0.187 s_mix=0.549 tau_mix=4.43 rho0=0.282 rho_inf=0.498 tau_rho=21.9
[52] 2926s loss=0.8684 s_mix0=0.152 s_mix=0.64 tau_mix=5.32 rho0=0.317 rho_inf=0.517 tau_rho=13.6
[53] 2975s loss=1.1515 s_mix0=0.245 s_mix=0.447 tau_mix=3.46 rho0=0.24 rho_inf=0.602 tau_rho=23.3
[54] 3024s loss=0.8257 s_mix0=0.216 s_mix=0.492 tau_mix=3.89 rho0=0.259 rho_inf=0.453 tau_rho=36.6
[55] 3074s loss=0.7871 s_mix0=0.165 s_mix=0.602 tau_mix=2.37 rho0=0.303 rho_inf=0.524 tau_rho=32.4
[56] 3125s loss=0.8193 s_mix0=0.138 s_mix=0.687 tau_mix=3.77 rho0=0.334 rho_inf=0.546 tau_rho=32.6
[57] 3175s loss=1.2334 s_mix0=0.155 s_mix=0.63 tau_mix=2.94 rho0=0.314 rho_inf=0.588 tau_rho=27.4
[58] 3224s loss=0.7590 s_mix0=0.199 s_mix=0.524 tau_mix=3.63 rho0=0.272 rho_inf=0.486 tau_rho=34.1
[59] 3274s loss=0.8214 s_mix0=0.273 s_mix=0.412 tau_mix=2.99 rho0=0.224 rho_inf=0.479 tau_rho=31.2
[60] 3323s loss=0.7860 s_mix0=0.164 s_mix=0.605 tau_mix=3.56 rho0=0.304 rho_inf=0.527 tau_rho=32.2
[61] 3373s loss=0.7918 s_mix0=0.228 s_mix=0.472 tau_mix=5.47 rho0=0.25 rho_inf=0.498 tau_rho=31.3
[62] 3422s loss=0.7597 s_mix0=0.179 s_mix=0.566 tau_mix=2.92 rho0=0.289 rho_inf=0.517 tau_rho=32.1
[63] 3473s loss=0.7603 s_mix0=0.237 s_mix=0.459 tau_mix=3.4 rho0=0.245 rho_inf=0.492 tau_rho=31.5
[64] 3522s loss=0.7031 s_mix0=0.131 s_mix=0.388 tau_mix=4.09 rho0=0.345 rho_inf=0.563 tau_rho=31.5
[65] 3572s loss=0.7134 s_mix0=0.127 s_mix=0.512 tau_mix=3.92 rho0=0.35 rho_inf=0.562 tau_rho=32.1
[66] 3621s loss=0.6892 s_mix0=0.15 s_mix=0.401 tau_mix=5.04 rho0=0.32 rho_inf=0.547 tau_rho=31.4
[67] 3671s loss=0.7001 s_mix0=0.137 s_mix=0.338 tau_mix=6.63 rho0=0.336 rho_inf=0.562 tau_rho=31
[68] 3722s loss=0.9476 s_mix0=0.123 s_mix=0.397 tau_mix=4.53 rho0=0.356 rho_inf=0.599 tau_rho=28.8
[69] 3771s loss=0.7393 s_mix0=0.176 s_mix=0.489 tau_mix=3.83 rho0=0.292 rho_inf=0.514 tau_rho=32.7
[70] 3821s loss=0.7907 s_mix0=0.254 s_mix=0.404 tau_mix=4 rho0=0.373 rho_inf=0.532 tau_rho=21.1
[71] 3871s loss=0.6870 s_mix0=0.137 s_mix=0.48 tau_mix=4.03 rho0=0.291 rho_inf=0.545 tau_rho=35.7
[72] 3920s loss=0.7362 s_mix0=0.148 s_mix=0.417 tau_mix=4.28 rho0=0.343 rho_inf=0.568 tau_rho=28.3
[73] 3970s loss=0.6780 s_mix0=0.155 s_mix=0.434 tau_mix=4.17 rho0=0.33 rho_inf=0.555 tau_rho=29.4
[74] 4019s loss=0.6793 s_mix0=0.0763 s_mix=0.517 tau_mix=5.93 rho0=0.321 rho_inf=0.555 tau_rho=28.1
[75] 4069s loss=0.7322 s_mix0=0.142 s_mix=0.41 tau_mix=5.32 rho0=0.281 rho_inf=0.527 tau_rho=26.8
[76] 4118s loss=0.6777 s_mix0=0.131 s_mix=0.484 tau_mix=4.23 rho0=0.332 rho_inf=0.552 tau_rho=30.7
[77] 4168s loss=0.7516 s_mix0=0.139 s_mix=0.582 tau_mix=5.16 rho0=0.282 rho_inf=0.521 tau_rho=27.1
[78] 4217s loss=0.6817 s_mix0=0.133 s_mix=0.429 tau_mix=4.34 rho0=0.328 rho_inf=0.552 tau_rho=30.3
[79] 4267s loss=0.9634 s_mix0=0.0866 s_mix=0.379 tau_mix=4.74 rho0=0.36 rho_inf=0.603 tau_rho=43.5
[80] 4318s loss=0.7182 s_mix0=0.154 s_mix=0.5 tau_mix=4.5 rho0=0.301 rho_inf=0.524 tau_rho=26
[81] 4369s loss=0.6774 s_mix0=0.142 s_mix=0.459 tau_mix=4.2 rho0=0.331 rho_inf=0.554 tau_rho=30
[82] 4418s loss=0.6761 s_mix0=0.0999 s_mix=0.501 tau_mix=5.01 rho0=0.326 rho_inf=0.554 tau_rho=29.4
[83] 4468s loss=0.6782 s_mix0=0.132 s_mix=0.456 tau_mix=4.28 rho0=0.33 rho_inf=0.552 tau_rho=30.5
[84] 4516s loss=0.6778 s_mix0=0.134 s_mix=0.482 tau_mix=4.13 rho0=0.311 rho_inf=0.548 tau_rho=33.1
[85] 4566s loss=0.6763 s_mix0=0.14 s_mix=0.441 tau_mix=4.62 rho0=0.326 rho_inf=0.55 tau_rho=31
[86] 4616s loss=0.7225 s_mix0=0.156 s_mix=0.516 tau_mix=4.33 rho0=0.307 rho_inf=0.525 tau_rho=25.9
[87] 4665s loss=0.7234 s_mix0=0.106 s_mix=0.428 tau_mix=4.48 rho0=0.346 rho_inf=0.578 tau_rho=36.5
[88] 4714s loss=0.7171 s_mix0=0.142 s_mix=0.492 tau_mix=4.37 rho0=0.316 rho_inf=0.538 tau_rho=28.2
[89] 4765s loss=0.6921 s_mix0=0.117 s_mix=0.449 tau_mix=4.44 rho0=0.336 rho_inf=0.565 tau_rho=33.5
[90] 4814s loss=0.6816 s_mix0=0.123 s_mix=0.459 tau_mix=4.42 rho0=0.331 rho_inf=0.558 tau_rho=32.1
[91] 4863s loss=0.6706 s_mix0=0.135 s_mix=0.481 tau_mix=4.38 rho0=0.321 rho_inf=0.545 tau_rho=29.5
[92] 4913s loss=0.7171 s_mix0=0.142 s_mix=0.492 tau_mix=4.37 rho0=0.316 rho_inf=0.538 tau_rho=28.2
[93] 4962s loss=0.6724 s_mix0=0.127 s_mix=0.493 tau_mix=4.56 rho0=0.319 rho_inf=0.548 tau_rho=30.7
[94] 5011s loss=0.7107 s_mix0=0.123 s_mix=0.47 tau_mix=4.89 rho0=0.341 rho_inf=0.553 tau_rho=27.5
[95] 5061s loss=0.6752 s_mix0=0.131 s_mix=0.479 tau_mix=4.31 rho0=0.318 rho_inf=0.549 tau_rho=31.6
[96] 5112s loss=0.6689 s_mix0=0.126 s_mix=0.466 tau_mix=4.8 rho0=0.315 rho_inf=0.547 tau_rho=30
[97] 5161s loss=0.6760 s_mix0=0.124 s_mix=0.457 tau_mix=5.11 rho0=0.307 rho_inf=0.545 tau_rho=29.7
[98] 5211s loss=0.6720 s_mix0=0.111 s_mix=0.495 tau_mix=5.06 rho0=0.311 rho_inf=0.544 tau_rho=30.7
[99] 5260s loss=0.6782 s_mix0=0.105 s_mix=0.535 tau_mix=4.73 rho0=0.311 rho_inf=0.546 tau_rho=29.6
[100] 5310s loss=0.6736 s_mix0=0.13 s_mix=0.463 tau_mix=4.65 rho0=0.322 rho_inf=0.549 tau_rho=30.7
[101] 5359s loss=0.6786 s_mix0=0.161 s_mix=0.459 tau_mix=4.26 rho0=0.31 rho_inf=0.541 tau_rho=31.7
[102] 5410s loss=0.6708 s_mix0=0.113 s_mix=0.49 tau_mix=4.81 rho0=0.322 rho_inf=0.55 tau_rho=29.9
[103] 5459s loss=0.6689 s_mix0=0.116 s_mix=0.483 tau_mix=5.14 rho0=0.319 rho_inf=0.546 tau_rho=28.9
[104] 5507s loss=0.6661 s_mix0=0.11 s_mix=0.485 tau_mix=5.61 rho0=0.319 rho_inf=0.544 tau_rho=27.6
[105] 5557s loss=0.6658 s_mix0=0.111 s_mix=0.508 tau_mix=5.07 rho0=0.314 rho_inf=0.544 tau_rho=28.8
[106] 5606s loss=0.6728 s_mix0=0.102 s_mix=0.532 tau_mix=5.29 rho0=0.309 rho_inf=0.542 tau_rho=27.9
[107] 5657s loss=0.6643 s_mix0=0.108 s_mix=0.482 tau_mix=5.36 rho0=0.315 rho_inf=0.543 tau_rho=28.2
[108] 5705s loss=0.6637 s_mix0=0.0992 s_mix=0.476 tau_mix=5.8 rho0=0.313 rho_inf=0.541 tau_rho=27.1
[109] 5757s loss=0.6706 s_mix0=0.119 s_mix=0.474 tau_mix=5.06 rho0=0.324 rho_inf=0.546 tau_rho=27
[110] 5806s loss=0.7046 s_mix0=0.12 s_mix=0.473 tau_mix=5.4 rho0=0.313 rho_inf=0.539 tau_rho=26.8
[111] 5853s loss=0.6691 s_mix0=0.114 s_mix=0.486 tau_mix=4.95 rho0=0.32 rho_inf=0.548 tau_rho=29.1
[112] 5901s loss=0.6718 s_mix0=0.112 s_mix=0.493 tau_mix=5.1 rho0=0.31 rho_inf=0.543 tau_rho=30.4
[113] 5949s loss=0.6670 s_mix0=0.117 s_mix=0.479 tau_mix=5.07 rho0=0.32 rho_inf=0.546 tau_rho=27.8
[114] 5997s loss=0.6630 s_mix0=0.0936 s_mix=0.485 tau_mix=6.18 rho0=0.312 rho_inf=0.545 tau_rho=27.4
[115] 6045s loss=0.6632 s_mix0=0.0778 s_mix=0.487 tau_mix=7.34 rho0=0.308 rho_inf=0.545 tau_rho=26.4
[116] 6092s loss=0.6636 s_mix0=0.104 s_mix=0.48 tau_mix=5.89 rho0=0.311 rho_inf=0.542 tau_rho=27.1
[117] 6140s loss=0.7069 s_mix0=0.0878 s_mix=0.506 tau_mix=6.51 rho0=0.314 rho_inf=0.54 tau_rho=25.4
[118] 6187s loss=0.6657 s_mix0=0.115 s_mix=0.476 tau_mix=5.18 rho0=0.315 rho_inf=0.546 tau_rho=28.8
{
 "params": {
  "s_mix0": 0.0935766110695225,
  "s_mix": 0.4852732207279835,
  "tau_mix": 6.179380587259552,
  "beta_local": 0.5,
  "rho0": 0.3124911899194487,
  "rho_inf": 0.5450528497889409,
  "tau_rho": 27.36621756528353,
  "rho_conc": 5.0,
  "h_off": 0.0038207531843768502,
  "h_on": 0.0018015961064157598,
  "silent_signal_frac": 0.37,
  "h_jump": 0.005,
  "jump_sd": 0.5,
  "rw_offset": 0.02,
  "rw_logscale": 0.02,
  "k_latent": 20
 },
 "loss": 0.6630274253401972,
 "targets": {
  "1": {
   "L2": 0.6200124301492831,
   "L3_n300": 0.7234807761178959,
   "L5_n300": 0.909393443366976,
   "n": 13
  },
  "7": {
   "L2": 0.49744150391902353,
   "L3_n300": 0.6163446598244804,
   "L5_n300": 0.86580702733759,
   "n": 23
  },
  "30": {
   "L2": 0.019621495016137684,
   "L3_n300": 0.30433691134573215,
   "L5_n300": 0.8349325570846063,
   "n": 32
  },
  "120": {
   "L2": -0.11800118267109122,
   "L3_n300": 0.23586824081303845,
   "L5_n300": 0.7948300923027192,
   "n": 31
  },
  "480": {
   "L2": -0.31955012480202283,
   "L3_n300": 0.22676922871147376,
   "L5_n300": 0.7846844341551518,
   "n": 12
  }
 },
 "sim_fresh_seed": {
  "1": {
   "L2": 0.6571259965797822,
   "L3_n300": 0.7371116634299554,
   "L5_n300": 0.8212500217013174
  },
  "7": {
   "L2": 0.4955506085327955,
   "L3_n300": 0.6485848190504464,
   "L5_n300": 0.7089749183740077
  },
  "30": {
   "L2": 0.4147577702951398,
   "L3_n300": 0.562617993459643,
   "L5_n300": 0.643389726944183
  },
  "120": {
   "L2": 0.24695834861961685,
   "L3_n300": 0.31341055137269613,
   "L5_n300": 0.4487949387541944
  },
  "480": {
   "L2": -0.18137382405410718,
   "L3_n300": 0.012564716211122824,
   "L5_n300": 0.24640789049563072
  }
 },
 "base_sessions": [
  "2020-02-04_CO",
  "2020-02-22_CO",
  "2020-03-10_RD",
  "2020-09-24_CO",
  "2020-12-11_CO",
  "2021-01-11_CO",
  "2021-05-04_CO",
  "2021-06-29_RD",
  "2021-07-12_RD",
  "2021-08-19_CO",
  "2021-08-23_RD",
  "2021-10-15_CO"
 ]
}
