25/369 pairs, 269s
50/369 pairs, 514s
75/369 pairs, 724s
100/369 pairs, 949s
125/369 pairs, 1155s
150/369 pairs, 1406s
175/369 pairs, 1578s
200/369 pairs, 1834s
225/369 pairs, 2046s
250/369 pairs, 2287s
275/369 pairs, 2486s
300/369 pairs, 2646s
325/369 pairs, 2861s
350/369 pairs, 3053s
369/369 pairs, 3191s
               L1     L2    L4u  L3_n300    own    ret
gap_target                                            
1           0.167  0.183  0.194    0.274  0.306  0.797
7           0.069  0.138  0.121    0.186  0.237  0.704
30          0.061  0.176  0.161    0.198  0.244  0.722
120         0.029  0.142  0.127    0.217  0.257  0.595
480         0.021  0.117  0.115    0.261  0.294  0.390
