25/361 pairs, 532s
50/361 pairs, 1024s
75/361 pairs, 1505s
G:\codes\invasive bci\scripts\..\src\ibci\anatomy.py:239: RuntimeWarning: invalid value encountered in divide
  theta = Q @ (rhs / (ev + lam)[:, None] if rhs.ndim == 2 else rhs / (ev + lam))
G:\codes\invasive bci\scripts\..\src\ibci\anatomy.py:229: RuntimeWarning: Mean of empty slice.
  Fm, rm = F[fit].mean(0), r[fit].mean(0)
C:\Python311\Lib\site-packages\numpy\_core\_methods.py:137: RuntimeWarning: invalid value encountered in divide
  ret = um.true_divide(
100/361 pairs, 2063s
125/361 pairs, 2549s
150/361 pairs, 3039s
175/361 pairs, 3591s
200/361 pairs, 4114s
225/361 pairs, 4575s
250/361 pairs, 5024s
G:\codes\invasive bci\scripts\..\src\ibci\anatomy.py:239: RuntimeWarning: invalid value encountered in divide
  theta = Q @ (rhs / (ev + lam)[:, None] if rhs.ndim == 2 else rhs / (ev + lam))
G:\codes\invasive bci\scripts\..\src\ibci\anatomy.py:229: RuntimeWarning: Mean of empty slice.
  Fm, rm = F[fit].mean(0), r[fit].mean(0)
C:\Python311\Lib\site-packages\numpy\_core\_methods.py:137: RuntimeWarning: invalid value encountered in divide
  ret = um.true_divide(
275/361 pairs, 5548s
300/361 pairs, 6000s
G:\codes\invasive bci\scripts\..\src\ibci\anatomy.py:239: RuntimeWarning: invalid value encountered in divide
  theta = Q @ (rhs / (ev + lam)[:, None] if rhs.ndim == 2 else rhs / (ev + lam))
G:\codes\invasive bci\scripts\..\src\ibci\anatomy.py:229: RuntimeWarning: Mean of empty slice.
  Fm, rm = F[fit].mean(0), r[fit].mean(0)
C:\Python311\Lib\site-packages\numpy\_core\_methods.py:137: RuntimeWarning: invalid value encountered in divide
  ret = um.true_divide(
325/361 pairs, 6472s
350/361 pairs, 6972s
G:\codes\invasive bci\scripts\..\src\ibci\anatomy.py:239: RuntimeWarning: invalid value encountered in divide
  theta = Q @ (rhs / (ev + lam)[:, None] if rhs.ndim == 2 else rhs / (ev + lam))
G:\codes\invasive bci\scripts\..\src\ibci\anatomy.py:229: RuntimeWarning: Mean of empty slice.
  Fm, rm = F[fit].mean(0), r[fit].mean(0)
C:\Python311\Lib\site-packages\numpy\_core\_methods.py:137: RuntimeWarning: invalid value encountered in divide
  ret = um.true_divide(
361/361 pairs, 7185s
               L1     L2    L4u  L3_n300    own    ret
gap_target                                            
1          -0.018  0.167  0.115    0.239  0.303  0.504
7          -0.144  0.112  0.072    0.256  0.296  0.420
30         -0.384  0.095  0.045    0.265  0.345  0.294
120        -0.436  0.039 -0.025    0.230  0.329  0.162
480        -0.422 -0.156 -0.172    0.239  0.358 -0.371
