10/86 pairs, 305s
20/86 pairs, 556s
30/86 pairs, 918s
40/86 pairs, 1253s
50/86 pairs, 1708s
60/86 pairs, 2128s
70/86 pairs, 2500s
80/86 pairs, 2912s
86/86 pairs, 3036s
gap_target     1     7     30    120   480
ret_L3_n10    0.56  0.59  0.54  0.17  0.22
ret_L6p_n10   0.66  0.68  0.49  0.39  0.40
ret_L6_n10    0.50  0.51  0.35  0.50  0.38
ret_L3_n20    0.55  0.70  0.50  0.42  0.44
ret_L6p_n20   0.71  0.69  0.60  0.48  0.60
ret_L6_n20    0.69  0.70  0.65  0.60  0.61
ret_L3_n50    0.80  0.71  0.64  0.52  0.65
ret_L6p_n50   0.81  0.82  0.59  0.60  0.78
ret_L6_n50    0.87  0.86  0.78  0.81  0.72
ret_L3_n100   0.82  0.80  0.67  0.65  0.69
ret_L6p_n100  0.83  0.87  0.75  0.69  0.84
ret_L6_n100   0.93  0.90  0.78  0.85  0.85
ret_L3_n300   0.83  0.93  0.79  0.71  0.82
ret_L6p_n300  0.94  0.91  0.87  0.85  0.89
ret_L6_n300   0.94  0.95  0.90  0.90  0.91
