10/93 pairs, 152s
20/93 pairs, 264s
30/93 pairs, 362s
40/93 pairs, 488s
50/93 pairs, 629s
60/93 pairs, 747s
70/93 pairs, 858s
80/93 pairs, 925s
90/93 pairs, 1004s
93/93 pairs, 1017s
gap_target     1     7     30    120   480
ret_L3_n10    0.98  0.53  0.67  0.50  0.49
ret_L6p_n10   0.98  0.70  0.67  0.50  0.50
ret_L6_n10    0.46  0.21  0.38  0.17  0.35
ret_L3_n20    1.01  0.67  0.69  0.18  0.65
ret_L6p_n20   0.95  0.76  0.73  0.51  0.60
ret_L6_n20    0.54  0.50  0.59 -0.02  0.57
ret_L3_n50    1.05  0.67  0.79  0.45  0.75
ret_L6p_n50   1.00  0.84  0.83  0.81  0.67
ret_L6_n50    0.92  0.85  0.86  0.63  0.78
ret_L3_n100   0.91  0.75  0.77  0.59  0.75
ret_L6p_n100  0.93  0.84  0.77  0.79  0.79
ret_L6_n100   0.86  0.89  0.87  0.74  0.86
ret_L3_n300   0.90  0.80  0.88  0.79  0.83
ret_L6p_n300  0.85  0.86  0.93  0.94  0.93
ret_L6_n300   0.89  0.95  0.91  0.99  0.95
