10/93 pairs, 363s
20/93 pairs, 677s
30/93 pairs, 974s
40/93 pairs, 1385s
50/93 pairs, 1726s
60/93 pairs, 2050s
70/93 pairs, 2422s
80/93 pairs, 2720s
90/93 pairs, 3158s
93/93 pairs, 3286s
gap_target     1     7     30    120   480
ret_L3_n10    0.52 -0.98  0.10 -0.05  0.08
ret_L6p_n10   0.67  0.33  0.04 -0.17 -0.06
ret_L6_n10    0.32  0.05  0.12  0.12  0.12
ret_L3_n20    0.54 -0.64  0.27  0.41 -0.05
ret_L6p_n20   0.70  0.44 -0.05 -0.12  0.13
ret_L6_n20    0.47  0.47  0.32  0.49  0.69
ret_L3_n50    0.57  0.42  0.28  0.38  0.47
ret_L6p_n50   0.76  0.55 -0.04  0.34  0.49
ret_L6_n50    0.59  0.56  0.58  0.70  0.81
ret_L3_n100   0.76  0.73  0.52  0.66  0.61
ret_L6p_n100  0.88  0.65  0.52  0.71  0.72
ret_L6_n100   0.89  0.89  0.64  0.96  0.96
ret_L3_n300   0.91  0.59  0.82  0.72  0.71
ret_L6p_n300  1.01  0.45  0.92  0.90  0.99
ret_L6_n300   1.00  0.53  0.96  0.93  1.03
