M: 44 pairs from 22 training sessions on cuda
C:\Users\User\AppData\Roaming\Python\Python311\site-packages\torch\nn\modules\rnn.py:1124: UserWarning: RNN module weights are not part of single contiguous chunk of memory. This means they need to be compacted at every call, possibly greatly increasing memory usage. To compact weights again call flatten_parameters(). (Triggered internally at C:\actions-runner\_work\pytorch\pytorch\pytorch\aten\src\ATen\native\cudnn\RNN.cpp:1481.)
  result = _VF.lstm(
10/44 pairs, 212s
C:\Users\User\AppData\Roaming\Python\Python311\site-packages\torch\nn\modules\rnn.py:1124: UserWarning: RNN module weights are not part of single contiguous chunk of memory. This means they need to be compacted at every call, possibly greatly increasing memory usage. To compact weights again call flatten_parameters(). (Triggered internally at C:\actions-runner\_work\pytorch\pytorch\pytorch\aten\src\ATen\native\cudnn\RNN.cpp:1481.)
  result = _VF.lstm(
20/44 pairs, 358s
C:\Users\User\AppData\Roaming\Python\Python311\site-packages\torch\nn\modules\rnn.py:1124: UserWarning: RNN module weights are not part of single contiguous chunk of memory. This means they need to be compacted at every call, possibly greatly increasing memory usage. To compact weights again call flatten_parameters(). (Triggered internally at C:\actions-runner\_work\pytorch\pytorch\pytorch\aten\src\ATen\native\cudnn\RNN.cpp:1481.)
  result = _VF.lstm(
30/44 pairs, 524s
C:\Users\User\AppData\Roaming\Python\Python311\site-packages\torch\nn\modules\rnn.py:1124: UserWarning: RNN module weights are not part of single contiguous chunk of memory. This means they need to be compacted at every call, possibly greatly increasing memory usage. To compact weights again call flatten_parameters(). (Triggered internally at C:\actions-runner\_work\pytorch\pytorch\pytorch\aten\src\ATen\native\cudnn\RNN.cpp:1481.)
  result = _VF.lstm(
40/44 pairs, 716s
C:\Users\User\AppData\Roaming\Python\Python311\site-packages\torch\nn\modules\rnn.py:1124: UserWarning: RNN module weights are not part of single contiguous chunk of memory. This means they need to be compacted at every call, possibly greatly increasing memory usage. To compact weights again call flatten_parameters(). (Triggered internally at C:\actions-runner\_work\pytorch\pytorch\pytorch\aten\src\ATen\native\cudnn\RNN.cpp:1481.)
  result = _VF.lstm(
44/44 pairs, 778s
              own  ridge_own  ret_nn  ret_ridge  gain_nn  gain_ridge
gap_target                                                          
1           0.750      0.362   0.694      0.769    0.876       0.836
7           0.730      0.267   0.527      0.605    0.837       0.697
30          0.682      0.430   0.483      0.545    0.858       0.694
120         0.580      0.254  -0.497      0.036    0.481       0.347
480         0.826      0.352  -0.327      0.019    0.336       0.195
