C: 55 pairs from 25 training sessions on cuda
C:\Users\User\AppData\Roaming\Python\Python311\site-packages\torch\nn\modules\rnn.py:1124: UserWarning: RNN module weights are not part of single contiguous chunk of memory. This means they need to be compacted at every call, possibly greatly increasing memory usage. To compact weights again call flatten_parameters(). (Triggered internally at C:\actions-runner\_work\pytorch\pytorch\pytorch\aten\src\ATen\native\cudnn\RNN.cpp:1481.)
  result = _VF.lstm(
10/55 pairs, 255s
C:\Users\User\AppData\Roaming\Python\Python311\site-packages\torch\nn\modules\rnn.py:1124: UserWarning: RNN module weights are not part of single contiguous chunk of memory. This means they need to be compacted at every call, possibly greatly increasing memory usage. To compact weights again call flatten_parameters(). (Triggered internally at C:\actions-runner\_work\pytorch\pytorch\pytorch\aten\src\ATen\native\cudnn\RNN.cpp:1481.)
  result = _VF.lstm(
20/55 pairs, 427s
C:\Users\User\AppData\Roaming\Python\Python311\site-packages\torch\nn\modules\rnn.py:1124: UserWarning: RNN module weights are not part of single contiguous chunk of memory. This means they need to be compacted at every call, possibly greatly increasing memory usage. To compact weights again call flatten_parameters(). (Triggered internally at C:\actions-runner\_work\pytorch\pytorch\pytorch\aten\src\ATen\native\cudnn\RNN.cpp:1481.)
  result = _VF.lstm(
30/55 pairs, 621s
C:\Users\User\AppData\Roaming\Python\Python311\site-packages\torch\nn\modules\rnn.py:1124: UserWarning: RNN module weights are not part of single contiguous chunk of memory. This means they need to be compacted at every call, possibly greatly increasing memory usage. To compact weights again call flatten_parameters(). (Triggered internally at C:\actions-runner\_work\pytorch\pytorch\pytorch\aten\src\ATen\native\cudnn\RNN.cpp:1481.)
  result = _VF.lstm(
40/55 pairs, 809s
C:\Users\User\AppData\Roaming\Python\Python311\site-packages\torch\nn\modules\rnn.py:1124: UserWarning: RNN module weights are not part of single contiguous chunk of memory. This means they need to be compacted at every call, possibly greatly increasing memory usage. To compact weights again call flatten_parameters(). (Triggered internally at C:\actions-runner\_work\pytorch\pytorch\pytorch\aten\src\ATen\native\cudnn\RNN.cpp:1481.)
  result = _VF.lstm(
50/55 pairs, 1031s
C:\Users\User\AppData\Roaming\Python\Python311\site-packages\torch\nn\modules\rnn.py:1124: UserWarning: RNN module weights are not part of single contiguous chunk of memory. This means they need to be compacted at every call, possibly greatly increasing memory usage. To compact weights again call flatten_parameters(). (Triggered internally at C:\actions-runner\_work\pytorch\pytorch\pytorch\aten\src\ATen\native\cudnn\RNN.cpp:1481.)
  result = _VF.lstm(
55/55 pairs, 1159s
              own  ridge_own  ret_nn  ret_ridge  gain_nn  gain_ridge
gap_target                                                          
1           0.657      0.296   0.797      0.686    0.936       0.811
7           0.660      0.336   0.712      0.507    0.833       0.719
30          0.837      0.500   0.143      0.246    0.545       0.458
120         0.711      0.244   0.042     -0.182    0.525       0.334
480         0.308      0.139  -0.394     -0.429    0.341       0.110
