T5_day49 done
T5_day54 done
T5_day56 done
T5_day61 done
T5_day68 done
T5_day70 done
T5_day111 done
T5_day113 done
T5_day124 done
T5_day166 done
T5_day252 done
T5_day348 done
T5_day352 done
T5_day497 done
T5_day525 done
T5_day600 done
T5_day607 done
T5_day663 done
T5_day665 done
T5_day679 done
T5_day707 done
T5_day709 done
T5_day761 done
T5_day798 done
T5_day831 done
T5_day852 done
T5_day875 done
T5_day889 done
T5_day919 done
T5_day952 done
T5_day957 done
T5_day985 done
T5_day1209 done
T5_day1302 done
T5_day1519 done
T5_day2007 done
T5_day2107 done
T5_day2126 done
T5_day2133 done
T5_day2149 done
alpha       0.1        10.0       1000.0     10000.0    30000.0    100000.0   300000.0   1000000.0
gap_target                                                                                        
0               0.506      0.506      0.509      0.523      0.517      0.482      0.410      0.258
1               0.373      0.373      0.399      0.454      0.455      0.406      0.290      0.141
7               0.261      0.261      0.261      0.263      0.269      0.279      0.221      0.151
30             -0.076     -0.011      0.025      0.095      0.155      0.171      0.119      0.087
120            -0.020     -0.020      0.006      0.005      0.035      0.033      0.049      0.021
480            -0.098     -0.096     -0.071     -0.031     -0.013      0.025      0.021     -0.002
