2020-02-28_RD done
2020-03-02_RD done
2020-08-11_RD done
2020-09-04_RD done
2020-10-12_CO done
2021-01-06_CO done
2021-01-21_RD done
2021-01-22_RD done
2021-02-23_CO done
2021-03-30_CO done
2021-04-28_RD done
2021-06-04_RD done
2021-06-16_RD done
2021-06-26_RD done
2021-07-01_RD done
2021-07-29_CO done
2021-08-11_RD done
2021-08-12_CO done
2021-08-20_CO done
2021-08-30_CO done
2021-09-08_CO done
2021-10-27_CO done
2022-01-12_CO done
2022-02-10_RD done
2022-02-21_RD done
2022-04-14_RD done
2022-04-15_CO done
2022-04-15_RD done
2022-05-11_RD done
2022-05-23_RD done
2022-06-10_CO done
2022-07-18_CO done
2022-08-01_CO done
2022-08-26_CO done
2022-08-31_RD done
2022-11-01_RD done
2023-01-17_RD done
2023-03-28_RD done
2023-05-08_RD done
2023-06-13_RD done
alpha       0.1        10.0       1000.0     10000.0    30000.0    100000.0   300000.0   1000000.0
gap_target                                                                                        
0               0.304      0.304      0.307      0.305      0.268      0.178      0.093      0.031
1               0.267      0.267      0.272      0.275      0.242      0.166      0.091      0.032
7               0.143      0.143      0.156      0.178      0.165      0.120      0.057      0.017
30              0.098      0.098      0.112      0.145      0.149      0.106      0.050      0.017
120             0.039      0.039      0.057      0.101      0.111      0.083      0.039      0.014
480            -0.097     -0.096     -0.080     -0.002      0.040      0.046      0.022      0.004
