T5: 92 sessions over 2627 days
256 pairs
  20/256 pairs, 354s
  40/256 pairs, 672s
  60/256 pairs, 1005s
  80/256 pairs, 1370s
  100/256 pairs, 1794s
  120/256 pairs, 2283s
  140/256 pairs, 2831s
  160/256 pairs, 3390s
  180/256 pairs, 3927s
  200/256 pairs, 4392s
  220/256 pairs, 4912s
  240/256 pairs, 5304s
  256/256 pairs, 5664s
               L2    L4u  L3_n300  L6p_n300    own  ret_L2  ret_L3
gap_target                                                        
1           0.371  0.394    0.534     0.513  0.552   0.615   0.921
7           0.214  0.200    0.449     0.498  0.502   0.443   0.890
30          0.009  0.015    0.360     0.432  0.464   0.093   0.802
120        -0.028 -0.088    0.370     0.473  0.526   0.008   0.781
480        -0.155 -0.227    0.411     0.491  0.509  -0.319   0.830
