T6: 124 sessions over 1123 days
369 pairs
  20/369 pairs, 370s
  40/369 pairs, 683s
  60/369 pairs, 967s
  80/369 pairs, 1271s
  100/369 pairs, 1522s
  120/369 pairs, 1733s
  140/369 pairs, 1992s
  160/369 pairs, 2217s
  180/369 pairs, 2437s
  200/369 pairs, 2685s
  220/369 pairs, 2903s
  240/369 pairs, 3140s
  260/369 pairs, 3414s
  280/369 pairs, 3588s
  300/369 pairs, 3762s
  320/369 pairs, 3937s
  340/369 pairs, 4117s
  360/369 pairs, 4272s
  369/369 pairs, 4338s
               L2    L4u  L3_n300  L6p_n300    own  ret_L2  ret_L3
gap_target                                                        
1           0.161  0.150    0.261     0.284  0.278   0.729   0.901
7           0.111  0.085    0.182     0.210  0.211   0.662   0.960
30          0.151  0.143    0.200     0.227  0.234   0.709   0.943
120         0.109  0.093    0.208     0.253  0.234   0.506   0.836
480         0.096  0.095    0.257     0.293  0.287   0.302   0.815
