T9: 117 sessions over 730 days
361 pairs
  20/361 pairs, 482s
  40/361 pairs, 1012s
  60/361 pairs, 1527s
  80/361 pairs, 2001s
G:\codes\invasive bci\scripts\..\src\ibci\anatomy.py:239: RuntimeWarning: invalid value encountered in divide
  theta = Q @ (rhs / (ev + lam)[:, None] if rhs.ndim == 2 else rhs / (ev + lam))
G:\codes\invasive bci\scripts\..\src\ibci\anatomy.py:229: RuntimeWarning: Mean of empty slice.
  Fm, rm = F[fit].mean(0), r[fit].mean(0)
C:\Python311\Lib\site-packages\numpy\_core\_methods.py:137: RuntimeWarning: invalid value encountered in divide
  ret = um.true_divide(
  100/361 pairs, 2776s
  120/361 pairs, 3597s
  140/361 pairs, 4421s
  160/361 pairs, 5212s
Traceback (most recent call last):
  File "G:\codes\invasive bci\scripts\replicate_braingate_decoding.py", line 118, in <module>
    main()
  File "G:\codes\invasive bci\scripts\replicate_braingate_decoding.py", line 107, in main
    train_day=si.day, **ladder(si, sj, [300], skip=tuple(args.skip))))
                        ^^^^^^^^^^^^^^^^^^^^^^^^^^^^^^^^^^^^^^^^^^^^
  File "G:\codes\invasive bci\scripts\..\src\ibci\anatomy.py", line 345, in ladder
    a, f = cv_shrunk(H_tr, Y, tid, n, ALPHAS, np.zeros((H_tr.shape[1], Y.shape[1])), k_folds, scale_by_rows=False)
           ^^^^^^^^^^^^^^^^^^^^^^^^^^^^^^^^^^^^^^^^^^^^^^^^^^^^^^^^^^^^^^^^^^^^^^^^^^^^^^^^^^^^^^^^^^^^^^^^^^^^^^^
  File "G:\codes\invasive bci\scripts\..\src\ibci\anatomy.py", line 269, in cv_shrunk
    eig = _eig_solver(F, r, lab, center)
          ^^^^^^^^^^^^^^^^^^^^^^^^^^^^^^
  File "G:\codes\invasive bci\scripts\..\src\ibci\anatomy.py", line 230, in _eig_solver
    Fc = (F[fit] - Fm).astype(np.float64)
         ^^^^^^^^^^^^^^^^^^^^^^^^^^^^^^^^
numpy._core._exceptions._ArrayMemoryError: Unable to allocate 334. MiB for an array with shape (28520, 1536) and data type float64
T9: 117 sessions over 730 days
361 pairs
resuming: 160 pairs already done
  180/361 pairs, 504s
  200/361 pairs, 972s
  220/361 pairs, 1411s
  240/361 pairs, 1829s
G:\codes\invasive bci\scripts\..\src\ibci\anatomy.py:239: RuntimeWarning: invalid value encountered in divide
  theta = Q @ (rhs / (ev + lam)[:, None] if rhs.ndim == 2 else rhs / (ev + lam))
G:\codes\invasive bci\scripts\..\src\ibci\anatomy.py:229: RuntimeWarning: Mean of empty slice.
  Fm, rm = F[fit].mean(0), r[fit].mean(0)
C:\Python311\Lib\site-packages\numpy\_core\_methods.py:137: RuntimeWarning: invalid value encountered in divide
  ret = um.true_divide(
  260/361 pairs, 2245s
  280/361 pairs, 2717s
  300/361 pairs, 3124s
G:\codes\invasive bci\scripts\..\src\ibci\anatomy.py:239: RuntimeWarning: invalid value encountered in divide
  theta = Q @ (rhs / (ev + lam)[:, None] if rhs.ndim == 2 else rhs / (ev + lam))
G:\codes\invasive bci\scripts\..\src\ibci\anatomy.py:229: RuntimeWarning: Mean of empty slice.
  Fm, rm = F[fit].mean(0), r[fit].mean(0)
C:\Python311\Lib\site-packages\numpy\_core\_methods.py:137: RuntimeWarning: invalid value encountered in divide
  ret = um.true_divide(
  320/361 pairs, 3529s
  340/361 pairs, 3980s
G:\codes\invasive bci\scripts\..\src\ibci\anatomy.py:239: RuntimeWarning: invalid value encountered in divide
  theta = Q @ (rhs / (ev + lam)[:, None] if rhs.ndim == 2 else rhs / (ev + lam))
G:\codes\invasive bci\scripts\..\src\ibci\anatomy.py:229: RuntimeWarning: Mean of empty slice.
  Fm, rm = F[fit].mean(0), r[fit].mean(0)
C:\Python311\Lib\site-packages\numpy\_core\_methods.py:137: RuntimeWarning: invalid value encountered in divide
  ret = um.true_divide(
  360/361 pairs, 4425s
  361/361 pairs, 4448s
               L2    L4u  L3_n300  L6p_n300    own  ret_L2  ret_L3
gap_target                                                        
1           0.161  0.101    0.241     0.273  0.301   0.508   0.872
7           0.086  0.027    0.255     0.276  0.287   0.386   0.902
30          0.074 -0.006    0.261     0.323  0.339   0.245   0.826
120         0.015 -0.079    0.230     0.313  0.322   0.105   0.774
480        -0.190 -0.233    0.238     0.343  0.347  -0.470   0.702
