C: 68 sessions over 533 days, 192 channels, 145 pairs
  20/145 pairs, 1493s
  40/145 pairs, 2584s
  60/145 pairs, 3595s
  80/145 pairs, 4493s
  100/145 pairs, 5178s
  120/145 pairs, 5941s
  140/145 pairs, 6933s
  145/145 pairs, 7241s
               L0     L2    L4u    L4s  L3_n300  L5_n300  L6p_n300    own
gap_target                                                               
1           0.072  0.172  0.145 -0.112    0.205    0.257     0.260  0.256
7          -0.059  0.204  0.173 -0.097    0.261    0.320     0.322  0.320
30         -0.261  0.095  0.087  0.034    0.142    0.425     0.431  0.420
120        -0.964 -0.016 -0.068 -0.257    0.071    0.181     0.182  0.169
480        -0.963 -0.089 -0.240 -0.357    0.022    0.106     0.107  0.144
M: 28 sessions over 21 days, 192 channels, 44 pairs
  20/44 pairs, 1048s
  40/44 pairs, 2115s
  44/44 pairs, 2303s
               L0     L2    L4u    L4s  L3_n300  L5_n300  L6p_n300    own
gap_target                                                               
1           0.142  0.261  0.225 -0.037    0.293    0.355     0.361  0.362
7           0.028  0.163  0.118 -0.155    0.188    0.270     0.271  0.267
30         -0.347  0.246  0.250  0.213    0.293    0.430     0.435  0.430
120        -0.278  0.009 -0.003 -0.261    0.070    0.219     0.220  0.254
480        -0.296  0.007 -0.073 -0.158    0.069    0.351     0.352  0.352
