targets {
 "1": {
  "L2": 0.8036325271148564,
  "L3_n300": 0.8143607518278464,
  "L5_n300": 0.9441661991124651,
  "n": 17
 },
 "7": {
  "L2": 0.5642118054377605,
  "L3_n300": 0.626678451767475,
  "L5_n300": 0.9081349041842445,
  "n": 25
 },
 "30": {
  "L2": 0.32111445387434195,
  "L3_n300": 0.4984455610947111,
  "L5_n300": 0.8485262814204482,
  "n": 29
 },
 "120": {
  "L2": 0.16655698315836454,
  "L3_n300": 0.40577062041648027,
  "L5_n300": 0.8430543134437956,
  "n": 29
 },
 "480": {
  "L2": -0.03990806837692992,
  "L3_n300": 0.139731762739079,
  "L5_n300": 0.8471188613834558,
  "n": 7
 }
}
C:\Python311\Lib\site-packages\scipy\stats\_qmc.py:993: UserWarning: The balance properties of Sobol' points require n to be a power of 2.
  sample = self._random(n, workers=workers)
[1] 51s loss=0.2762 s_mix0=1.01 s_mix=1.46 tau_mix=14.8 rho0=0.04 rho_inf=0.0847 tau_rho=245
[2] 98s loss=0.6570 s_mix0=0.186 s_mix=0.0377 tau_mix=70.2 rho0=0.121 rho_inf=0.591 tau_rho=45.1
[3] 146s loss=7.0240 s_mix0=0.0553 s_mix=0.632 tau_mix=5.89 rho0=0.00844 rho_inf=0.856 tau_rho=15.6
