targets {
 "1": {
  "L2": 0.6200124301492831,
  "L3_n300": 0.7234807761178959,
  "L5_n300": 0.909393443366976,
  "n": 13
 },
 "7": {
  "L2": 0.49744150391902353,
  "L3_n300": 0.6163446598244804,
  "L5_n300": 0.86580702733759,
  "n": 23
 },
 "30": {
  "L2": 0.019621495016137684,
  "L3_n300": 0.30433691134573215,
  "L5_n300": 0.8349325570846063,
  "n": 32
 },
 "120": {
  "L2": -0.11800118267109122,
  "L3_n300": 0.23586824081303845,
  "L5_n300": 0.7948300923027192,
  "n": 31
 },
 "480": {
  "L2": -0.31955012480202283,
  "L3_n300": 0.22676922871147376,
  "L5_n300": 0.7846844341551518,
  "n": 12
 }
}
C:\Python311\Lib\site-packages\scipy\stats\_qmc.py:993: UserWarning: The balance properties of Sobol' points require n to be a power of 2.
  sample = self._random(n, workers=workers)
[1] 65s loss=0.1387 s_mix0=1.01 s_mix=1.46 tau_mix=14.8 rho0=0.04 rho_inf=0.0847 tau_rho=245
[2] 123s loss=1.2526 s_mix0=0.186 s_mix=0.0377 tau_mix=70.2 rho0=0.121 rho_inf=0.591 tau_rho=45.1
[3] 181s loss=4.7969 s_mix0=0.0553 s_mix=0.632 tau_mix=5.89 rho0=0.00844 rho_inf=0.856 tau_rho=15.6
[4] 245s loss=2.2309 s_mix0=0.325 s_mix=0.158 tau_mix=157 rho0=0.269 rho_inf=0.443 tau_rho=1.23e+03
[5] 312s loss=0.8775 s_mix0=0.591 s_mix=0.237 tau_mix=41.9 rho0=0.42 rho_inf=0.498 tau_rho=398
[6] 378s loss=6.4711 s_mix0=0.0345 s_mix=0.0685 tau_mix=25 rho0=0.0146 rho_inf=0.946 tau_rho=105
[7] 442s loss=3.6064 s_mix0=0.107 s_mix=0.989 tau_mix=272 rho0=0.202 rho_inf=0.817 tau_rho=40.7
[8] 507s loss=1.3173 s_mix0=1.98 s_mix=0.0297 tau_mix=3.65 rho0=0.0745 rho_inf=0.0967 tau_rho=2.24e+03
[9] 573s loss=0.4302 s_mix0=1.48 s_mix=0.36 tau_mix=416 rho0=0.0189 rho_inf=0.469 tau_rho=907
[10] 637s loss=1.2326 s_mix0=0.0801 s_mix=0.144 tau_mix=2.8 rho0=0.436 rho_inf=0.481 tau_rho=11.5
[11] 704s loss=1.2153 s_mix0=0.0259 s_mix=1.53 tau_mix=54.5 rho0=0.0447 rho_inf=0.386 tau_rho=61.9
[12] 769s loss=1.7207 s_mix0=0.442 s_mix=0.0589 tau_mix=16.3 rho0=0.143 rho_inf=0.841 tau_rho=336
[13] 832s loss=1.9058 s_mix0=0.243 s_mix=0.724 tau_mix=4.57 rho0=0.0874 rho_inf=0.906 tau_rho=1.49e+03
[14] 899s loss=4.6340 s_mix0=0.0416 s_mix=0.0242 tau_mix=242 rho0=0.0234 rho_inf=0.18 tau_rho=27.1
[15] 964s loss=2.5073 s_mix0=0.139 s_mix=0.297 tau_mix=9.57 rho0=0.287 rho_inf=0.308 tau_rho=156
[16] 1029s loss=1.7285 s_mix0=0.751 s_mix=0.103 tau_mix=90.4 rho0=0.0103 rho_inf=0.631 tau_rho=592
[17] 1097s loss=0.7608 s_mix0=0.706 s_mix=0.321 tau_mix=2.33 rho0=0.18 rho_inf=0.382 tau_rho=24.1
[18] 1162s loss=4.3672 s_mix0=0.122 s_mix=0.0963 tau_mix=488 rho0=0.0625 rho_inf=0.895 tau_rho=1.9e+03
[19] 1227s loss=0.5841 s_mix0=0.0405 s_mix=0.782 tau_mix=18.9 rho0=0.37 rho_inf=0.717 tau_rho=673
[20] 1294s loss=4.8145 s_mix0=0.22 s_mix=0.0226 tau_mix=44.8 rho0=0.0134 rho_inf=0.072 tau_rho=124
[21] 1360s loss=1.9186 s_mix0=0.38 s_mix=1.91 tau_mix=207 rho0=0.00674 rho_inf=0.0267 tau_rho=13.5
[22] 1427s loss=2.1647 s_mix0=0.0207 s_mix=0.0477 tau_mix=5.52 rho0=0.249 rho_inf=0.772 tau_rho=746
[23] 1491s loss=2.9958 s_mix0=0.0664 s_mix=0.449 tau_mix=110 rho0=0.0355 rho_inf=0.939 tau_rho=283
[24] 1559s loss=0.6767 s_mix0=1.14 s_mix=0.116 tau_mix=8.27 rho0=0.104 rho_inf=0.191 tau_rho=74.3
[25] 1625s loss=0.1387 s_mix0=1.01 s_mix=1.46 tau_mix=14.8 rho0=0.04 rho_inf=0.0847 tau_rho=245
[26] 1690s loss=2.7314 s_mix0=2.52 s_mix=1.46 tau_mix=14.8 rho0=0.04 rho_inf=0.0847 tau_rho=245
[27] 1757s loss=1.7991 s_mix0=1.01 s_mix=3.66 tau_mix=14.8 rho0=0.04 rho_inf=0.0847 tau_rho=245
[28] 1813s loss=0.2666 s_mix0=1.01 s_mix=1.46 tau_mix=44.7 rho0=0.04 rho_inf=0.0847 tau_rho=245
[29] 1869s loss=0.1217 s_mix0=1.01 s_mix=1.46 tau_mix=14.8 rho0=0.102 rho_inf=0.144 tau_rho=245
[30] 1925s loss=0.1385 s_mix0=1.01 s_mix=1.46 tau_mix=14.8 rho0=0.04 rho_inf=0.199 tau_rho=245
[31] 1988s loss=0.0948 s_mix0=1.01 s_mix=1.46 tau_mix=14.8 rho0=0.04 rho_inf=0.0847 tau_rho=766
[32] 2051s loss=0.3168 s_mix0=0.4 s_mix=1.98 tau_mix=21.4 rho0=0.055 rho_inf=0.123 tau_rho=358
[33] 2111s loss=1.5470 s_mix0=0.739 s_mix=0.643 tau_mix=24.2 rho0=0.0611 rho_inf=0.139 tau_rho=407
[34] 2174s loss=0.7685 s_mix0=0.798 s_mix=0.993 tau_mix=21.4 rho0=0.055 rho_inf=0.123 tau_rho=358
[35] 2236s loss=0.4688 s_mix0=0.931 s_mix=2.37 tau_mix=16.8 rho0=0.0445 rho_inf=0.096 tau_rho=278
[36] 2298s loss=0.1575 s_mix0=0.896 s_mix=1.91 tau_mix=17.8 rho0=0.047 rho_inf=0.102 tau_rho=296
[37] 2359s loss=2.3327 s_mix0=2.43 s_mix=1.17 tau_mix=15.8 rho0=0.0422 rho_inf=0.0902 tau_rho=261
[38] 2419s loss=0.2084 s_mix0=0.628 s_mix=1.74 tau_mix=19.8 rho0=0.0515 rho_inf=0.114 tau_rho=331
[39] 2480s loss=0.3542 s_mix0=0.827 s_mix=1.69 tau_mix=5.76 rho0=0.0629 rho_inf=0.144 tau_rho=422
[40] 2541s loss=0.1317 s_mix0=0.957 s_mix=1.51 tau_mix=26.8 rho0=0.0449 rho_inf=0.0969 tau_rho=281
[41] 2602s loss=0.4606 s_mix0=1.52 s_mix=1.35 tau_mix=14.3 rho0=0.0469 rho_inf=0.102 tau_rho=295
[42] 2663s loss=0.1249 s_mix0=0.784 s_mix=1.63 tau_mix=18.3 rho0=0.0503 rho_inf=0.111 tau_rho=322
[43] 2725s loss=0.1471 s_mix0=1.02 s_mix=1.17 tau_mix=16.1 rho0=0.0526 rho_inf=0.117 tau_rho=339
[44] 2786s loss=0.1028 s_mix0=0.988 s_mix=1.32 tau_mix=16.5 rho0=0.0511 rho_inf=0.113 tau_rho=328
[45] 2842s loss=0.1631 s_mix0=0.905 s_mix=1.48 tau_mix=20.1 rho0=0.0667 rho_inf=0.154 tau_rho=452
