2020-01-27_CO -> 2020-02-04_CO done
2020-01-27_CO -> 2020-02-25_CO done
2020-01-27_CO -> 2021-05-20_CO done
2020-02-06_CO -> 2020-06-26_CO done
2020-02-06_CO -> 2021-06-01_CO done
2020-03-02_RD -> 2020-03-10_RD done
2020-03-02_RD -> 2020-07-29_RD done
2020-03-02_RD -> 2021-06-24_RD done
2020-03-10_RD -> 2020-03-17_RD done
2020-03-10_RD -> 2020-07-29_RD done
2020-03-10_RD -> 2021-07-03_RD done
2020-07-31_CO -> 2020-12-03_CO done
2020-07-31_CO -> 2021-11-23_CO done
2021-02-23_CO -> 2021-02-25_CO done
2021-02-23_CO -> 2021-03-23_CO done
2021-02-23_CO -> 2021-06-28_CO done
2021-02-23_CO -> 2022-06-13_CO done
2021-05-04_CO -> 2021-05-11_CO done
2021-05-04_CO -> 2021-06-01_CO done
2021-05-04_CO -> 2021-08-31_CO done
2021-05-04_CO -> 2022-08-26_CO done
2021-05-26_RD -> 2021-06-24_RD done
2021-05-26_RD -> 2021-09-17_RD done
2021-05-26_RD -> 2022-09-21_RD done
2021-06-14_CO -> 2021-06-15_CO done
2021-06-14_CO -> 2021-07-14_CO done
2021-06-14_CO -> 2021-10-15_CO done
2021-06-14_CO -> 2022-10-10_CO done
2021-08-10_CO -> 2021-08-12_CO done
2021-08-10_CO -> 2021-08-16_CO done
2021-08-10_CO -> 2021-09-08_CO done
2021-08-10_CO -> 2021-12-15_CO done
2021-08-10_CO -> 2022-12-09_CO done
2021-10-08_CO -> 2021-10-15_CO done
2021-10-08_CO -> 2021-11-02_CO done
2021-10-08_CO -> 2022-02-07_CO done
2021-10-08_CO -> 2022-12-09_CO done
2021-10-19_CO -> 2021-10-26_CO done
2021-10-19_CO -> 2021-11-16_CO done
2021-10-19_CO -> 2022-02-07_CO done
2021-10-19_CO -> 2022-12-09_CO done
2022-01-17_CO -> 2022-01-24_CO done
2022-01-17_CO -> 2022-05-13_CO done
2022-01-28_CO -> 2022-02-28_CO done
2022-01-28_CO -> 2022-06-08_CO done
2022-02-03_RD -> 2022-02-10_RD done
2022-02-03_RD -> 2022-06-02_RD done
2022-02-03_RD -> 2023-06-06_RD done
2022-02-28_CO -> 2022-03-07_CO done
2022-02-28_CO -> 2022-03-28_CO done
2022-02-28_CO -> 2022-06-13_CO done
2022-03-07_CO -> 2022-03-14_CO done
2022-03-07_CO -> 2022-04-04_CO done
2022-03-07_CO -> 2022-07-18_CO done
2022-04-04_CO -> 2022-04-11_CO done
2022-04-04_CO -> 2022-04-29_CO done
2022-04-04_CO -> 2022-08-01_CO done
2022-04-05_RD -> 2022-04-06_RD done
2022-04-05_RD -> 2022-04-13_RD done
2022-04-05_RD -> 2022-05-10_RD done
2022-04-05_RD -> 2022-08-05_RD done
2022-04-05_RD -> 2023-06-22_RD done
2022-04-25_CO -> 2022-04-27_CO done
2022-04-25_CO -> 2022-08-22_CO done
2022-06-02_RD -> 2022-09-30_RD done
2022-06-02_RD -> 2023-06-22_RD done
2022-08-01_CO -> 2022-08-08_CO done
2022-08-01_CO -> 2022-09-01_CO done
2022-08-01_CO -> 2022-12-09_CO done
2022-08-25_RD -> 2022-08-31_RD done
2022-08-25_RD -> 2022-09-21_RD done
2022-08-25_RD -> 2023-01-10_RD done
2022-08-31_RD -> 2022-09-06_RD done
2022-08-31_RD -> 2022-09-30_RD done
2022-08-31_RD -> 2023-01-10_RD done
2022-09-19_CO -> 2022-09-21_CO done
2022-09-19_CO -> 2022-09-26_CO done
2022-11-07_CO -> 2022-12-09_CO done
2023-01-13_RD -> 2023-02-13_RD done
2023-01-13_RD -> 2023-05-17_RD done
2023-02-24_RD -> 2023-03-28_RD done
2023-02-24_RD -> 2023-06-22_RD done
2023-03-20_RD -> 2023-03-28_RD done
2023-03-20_RD -> 2023-04-17_RD done
2023-03-20_RD -> 2023-06-22_RD done
2023-06-21_RD -> 2023-06-22_RD done
     renorm   full  stats_k8  stats_k16  stats_k32  importance_k8  importance_k16  importance_k32  wstats_k8  wstats_k16  wstats_k32  random_k8  random_k16  random_k32    own
n                                                                                                                                                                             
10    0.052  0.111     0.074      0.080      0.085          0.091           0.112           0.124      0.092       0.107       0.113      0.072       0.081       0.090  0.296
20    0.052  0.133     0.087      0.098      0.127          0.116           0.135           0.154      0.104       0.135       0.149      0.075       0.087       0.101  0.296
50    0.052  0.183     0.105      0.139      0.136          0.138           0.171           0.199      0.129       0.156       0.196      0.096       0.109       0.121  0.296
100   0.052  0.227     0.109      0.148      0.182          0.153           0.185           0.226      0.142       0.170       0.214      0.101       0.117       0.139  0.296
                renorm   full  stats_k16  wstats_k16  importance_k16  random_k16
gap_target n                                                                    
1          10    0.190  0.193      0.174       0.167           0.167       0.184
           20    0.190  0.202      0.171       0.184           0.182       0.186
           50    0.190  0.228      0.181       0.208           0.187       0.195
           100   0.190  0.211      0.201       0.220           0.205       0.198
7          10    0.138  0.165      0.159       0.163           0.154       0.147
           20    0.138  0.181      0.164       0.167           0.173       0.152
           50    0.138  0.211      0.185       0.197           0.200       0.160
           100   0.138  0.231      0.193       0.201           0.213       0.166
30         10    0.035  0.067      0.059       0.044           0.038       0.051
           20    0.035  0.089      0.076       0.077           0.071       0.066
           50    0.035  0.141      0.120       0.130           0.115       0.079
           100   0.035  0.197      0.130       0.152           0.138       0.088
120        10    0.037  0.113      0.069       0.108           0.115       0.070
           20    0.037  0.137      0.103       0.138           0.149       0.083
           50    0.037  0.199      0.134       0.167           0.186       0.104
           100   0.037  0.240      0.142       0.176           0.199       0.119
480        10   -0.055  0.020     -0.009       0.018           0.051      -0.031
           20   -0.055  0.068      0.009       0.041           0.069      -0.012
           50   -0.055  0.117      0.050       0.103           0.119       0.013
           100  -0.055  0.243      0.067       0.125           0.164       0.031
