10/76 pairs, 278s
20/76 pairs, 459s
30/76 pairs, 636s
40/76 pairs, 837s
50/76 pairs, 1002s
60/76 pairs, 1190s
70/76 pairs, 1352s
76/76 pairs, 1421s
gap_target     1     7     30    120
ret_L3_n10    0.27  0.27  0.12  0.16
ret_L6p_n10   0.57  0.43  0.03 -0.16
ret_L6_n10    0.35  0.07 -0.04  0.02
ret_L3_n20    0.48  0.40  0.16  0.22
ret_L6p_n20   0.64  0.50  0.19  0.02
ret_L6_n20    0.44  0.32  0.36  0.34
ret_L3_n50    0.55  0.42  0.41  0.49
ret_L6p_n50   0.64  0.56  0.24  0.07
ret_L6_n50    0.79  0.69  0.53  0.75
ret_L3_n100   0.71  0.64  0.44  0.61
ret_L6p_n100  0.83  0.69  0.52  0.73
ret_L6_n100   0.85  0.73  0.73  0.92
ret_L3_n300   0.74  0.83  0.71  0.62
ret_L6p_n300  0.97  0.94  0.92  0.68
ret_L6_n300   0.97  0.95  0.97  0.87
