T10: 67 pairs from 25 training sessions on cuda
C:\Users\User\AppData\Roaming\Python\Python311\site-packages\torch\nn\modules\rnn.py:1124: UserWarning: RNN module weights are not part of single contiguous chunk of memory. This means they need to be compacted at every call, possibly greatly increasing memory usage. To compact weights again call flatten_parameters(). (Triggered internally at C:\actions-runner\_work\pytorch\pytorch\pytorch\aten\src\ATen\native\cudnn\RNN.cpp:1481.)
  result = _VF.lstm(
10/67 pairs, 268s
C:\Users\User\AppData\Roaming\Python\Python311\site-packages\torch\nn\modules\rnn.py:1124: UserWarning: RNN module weights are not part of single contiguous chunk of memory. This means they need to be compacted at every call, possibly greatly increasing memory usage. To compact weights again call flatten_parameters(). (Triggered internally at C:\actions-runner\_work\pytorch\pytorch\pytorch\aten\src\ATen\native\cudnn\RNN.cpp:1481.)
  result = _VF.lstm(
20/67 pairs, 453s
C:\Users\User\AppData\Roaming\Python\Python311\site-packages\torch\nn\modules\rnn.py:1124: UserWarning: RNN module weights are not part of single contiguous chunk of memory. This means they need to be compacted at every call, possibly greatly increasing memory usage. To compact weights again call flatten_parameters(). (Triggered internally at C:\actions-runner\_work\pytorch\pytorch\pytorch\aten\src\ATen\native\cudnn\RNN.cpp:1481.)
  result = _VF.lstm(
30/67 pairs, 694s
C:\Users\User\AppData\Roaming\Python\Python311\site-packages\torch\nn\modules\rnn.py:1124: UserWarning: RNN module weights are not part of single contiguous chunk of memory. This means they need to be compacted at every call, possibly greatly increasing memory usage. To compact weights again call flatten_parameters(). (Triggered internally at C:\actions-runner\_work\pytorch\pytorch\pytorch\aten\src\ATen\native\cudnn\RNN.cpp:1481.)
  result = _VF.lstm(
40/67 pairs, 892s
C:\Users\User\AppData\Roaming\Python\Python311\site-packages\torch\nn\modules\rnn.py:1124: UserWarning: RNN module weights are not part of single contiguous chunk of memory. This means they need to be compacted at every call, possibly greatly increasing memory usage. To compact weights again call flatten_parameters(). (Triggered internally at C:\actions-runner\_work\pytorch\pytorch\pytorch\aten\src\ATen\native\cudnn\RNN.cpp:1481.)
  result = _VF.lstm(
50/67 pairs, 1079s
C:\Users\User\AppData\Roaming\Python\Python311\site-packages\torch\nn\modules\rnn.py:1124: UserWarning: RNN module weights are not part of single contiguous chunk of memory. This means they need to be compacted at every call, possibly greatly increasing memory usage. To compact weights again call flatten_parameters(). (Triggered internally at C:\actions-runner\_work\pytorch\pytorch\pytorch\aten\src\ATen\native\cudnn\RNN.cpp:1481.)
  result = _VF.lstm(
60/67 pairs, 1263s
C:\Users\User\AppData\Roaming\Python\Python311\site-packages\torch\nn\modules\rnn.py:1124: UserWarning: RNN module weights are not part of single contiguous chunk of memory. This means they need to be compacted at every call, possibly greatly increasing memory usage. To compact weights again call flatten_parameters(). (Triggered internally at C:\actions-runner\_work\pytorch\pytorch\pytorch\aten\src\ATen\native\cudnn\RNN.cpp:1481.)
  result = _VF.lstm(
67/67 pairs, 1425s
              own  ridge_own  ret_nn  ret_ridge  gain_nn  gain_ridge
gap_target                                                          
1           0.124      0.188   0.428      0.792    0.659       0.914
7           0.256      0.292  -0.094      0.327    0.792       0.739
30          0.212      0.260  -0.344      0.114    0.541       0.786
120         0.093      0.254  -0.063     -0.487    0.472       0.745
