T11: 196 sessions over 1669 days
677 pairs
  20/677 pairs, 450s
  40/677 pairs, 822s
  60/677 pairs, 1238s
  80/677 pairs, 1707s
  100/677 pairs, 2166s
  120/677 pairs, 2581s
  140/677 pairs, 3147s
  160/677 pairs, 3712s
  180/677 pairs, 4200s
  200/677 pairs, 4584s
G:\codes\invasive bci\scripts\..\src\ibci\anatomy.py:239: RuntimeWarning: invalid value encountered in divide
  theta = Q @ (rhs / (ev + lam)[:, None] if rhs.ndim == 2 else rhs / (ev + lam))
G:\codes\invasive bci\scripts\..\src\ibci\anatomy.py:229: RuntimeWarning: Mean of empty slice.
  Fm, rm = F[fit].mean(0), r[fit].mean(0)
C:\Python311\Lib\site-packages\numpy\_core\_methods.py:137: RuntimeWarning: invalid value encountered in divide
  ret = um.true_divide(
  220/677 pairs, 4905s
  240/677 pairs, 5200s
  260/677 pairs, 5507s
  280/677 pairs, 5873s
  300/677 pairs, 6189s
G:\codes\invasive bci\scripts\..\src\ibci\anatomy.py:239: RuntimeWarning: invalid value encountered in divide
  theta = Q @ (rhs / (ev + lam)[:, None] if rhs.ndim == 2 else rhs / (ev + lam))
G:\codes\invasive bci\scripts\..\src\ibci\anatomy.py:229: RuntimeWarning: Mean of empty slice.
  Fm, rm = F[fit].mean(0), r[fit].mean(0)
C:\Python311\Lib\site-packages\numpy\_core\_methods.py:137: RuntimeWarning: invalid value encountered in divide
  ret = um.true_divide(
  320/677 pairs, 6479s
G:\codes\invasive bci\scripts\..\src\ibci\anatomy.py:239: RuntimeWarning: invalid value encountered in divide
  theta = Q @ (rhs / (ev + lam)[:, None] if rhs.ndim == 2 else rhs / (ev + lam))
G:\codes\invasive bci\scripts\..\src\ibci\anatomy.py:229: RuntimeWarning: Mean of empty slice.
  Fm, rm = F[fit].mean(0), r[fit].mean(0)
C:\Python311\Lib\site-packages\numpy\_core\_methods.py:137: RuntimeWarning: invalid value encountered in divide
  ret = um.true_divide(
  340/677 pairs, 6764s
G:\codes\invasive bci\scripts\..\src\ibci\anatomy.py:239: RuntimeWarning: invalid value encountered in divide
  theta = Q @ (rhs / (ev + lam)[:, None] if rhs.ndim == 2 else rhs / (ev + lam))
G:\codes\invasive bci\scripts\..\src\ibci\anatomy.py:229: RuntimeWarning: Mean of empty slice.
  Fm, rm = F[fit].mean(0), r[fit].mean(0)
C:\Python311\Lib\site-packages\numpy\_core\_methods.py:137: RuntimeWarning: invalid value encountered in divide
  ret = um.true_divide(
  360/677 pairs, 7057s
G:\codes\invasive bci\scripts\..\src\ibci\anatomy.py:239: RuntimeWarning: invalid value encountered in divide
  theta = Q @ (rhs / (ev + lam)[:, None] if rhs.ndim == 2 else rhs / (ev + lam))
G:\codes\invasive bci\scripts\..\src\ibci\anatomy.py:229: RuntimeWarning: Mean of empty slice.
  Fm, rm = F[fit].mean(0), r[fit].mean(0)
C:\Python311\Lib\site-packages\numpy\_core\_methods.py:137: RuntimeWarning: invalid value encountered in divide
  ret = um.true_divide(
  380/677 pairs, 7374s
  400/677 pairs, 7667s
  420/677 pairs, 7998s
  440/677 pairs, 8321s
  460/677 pairs, 8738s
  480/677 pairs, 9095s
  500/677 pairs, 9479s
  520/677 pairs, 9853s
  540/677 pairs, 10185s
  560/677 pairs, 10525s
G:\codes\invasive bci\scripts\..\src\ibci\anatomy.py:239: RuntimeWarning: invalid value encountered in divide
  theta = Q @ (rhs / (ev + lam)[:, None] if rhs.ndim == 2 else rhs / (ev + lam))
G:\codes\invasive bci\scripts\..\src\ibci\anatomy.py:229: RuntimeWarning: Mean of empty slice.
  Fm, rm = F[fit].mean(0), r[fit].mean(0)
C:\Python311\Lib\site-packages\numpy\_core\_methods.py:137: RuntimeWarning: invalid value encountered in divide
  ret = um.true_divide(
  580/677 pairs, 10837s
G:\codes\invasive bci\scripts\..\src\ibci\anatomy.py:239: RuntimeWarning: invalid value encountered in divide
  theta = Q @ (rhs / (ev + lam)[:, None] if rhs.ndim == 2 else rhs / (ev + lam))
G:\codes\invasive bci\scripts\..\src\ibci\anatomy.py:229: RuntimeWarning: Mean of empty slice.
  Fm, rm = F[fit].mean(0), r[fit].mean(0)
C:\Python311\Lib\site-packages\numpy\_core\_methods.py:137: RuntimeWarning: invalid value encountered in divide
  ret = um.true_divide(
  600/677 pairs, 11188s
  620/677 pairs, 11558s
  640/677 pairs, 11848s
  660/677 pairs, 12222s
  677/677 pairs, 12494s
                 L2      L4u  L3_n300  L6p_n300     own  ret_L2  ret_L3
gap_target                                                             
1          -253.964 -217.167   -0.771   -15.693 -30.394   2.219   0.050
7          -128.865 -263.256   -0.622    -6.446  -7.486   0.681   0.159
30         -206.763 -188.612   -0.107    -1.623 -13.740   0.488   0.173
120        -239.860 -377.946   -0.420    -2.849 -17.746   0.636   0.124
480        -337.649 -528.541   -0.572    -5.389 -21.003   1.345   0.180
