10/75 pairs, 444s
20/75 pairs, 898s
30/75 pairs, 1410s
40/75 pairs, 1772s
50/75 pairs, 2052s
60/75 pairs, 2379s
70/75 pairs, 2682s
75/75 pairs, 2910s
gap_target     1     7     30    120   480
ret_L3_n10    0.61  0.15 -0.15 -0.32  0.46
ret_L6p_n10   0.60  0.60  0.11 -0.49  0.59
ret_L6_n10    0.41  0.05 -0.12 -0.06  0.52
ret_L3_n20    0.63  0.30  0.08  0.09  0.66
ret_L6p_n20   0.78  0.68  0.21 -0.12  0.72
ret_L6_n20    0.66  0.28  0.17  0.30  0.82
ret_L3_n50    0.60  0.41  0.29  0.14  0.71
ret_L6p_n50   0.88  0.73  0.43  0.26  0.86
ret_L6_n50    0.81  0.32  0.60  0.39  0.92
ret_L3_n100   0.46  0.48  0.39  0.45  0.71
ret_L6p_n100  0.96  0.80  0.26  0.45  0.90
ret_L6_n100   0.60  0.60  0.79  0.81  0.92
ret_L3_n300   0.62  0.58  0.63  0.85  0.77
ret_L6p_n300  1.00  1.02  0.89  0.99  0.99
ret_L6_n300   1.01  0.95  0.93  0.99  0.99
