T7: 63 pairs from 25 training sessions on cuda
C:\Users\User\AppData\Roaming\Python\Python311\site-packages\torch\nn\modules\rnn.py:1124: UserWarning: RNN module weights are not part of single contiguous chunk of memory. This means they need to be compacted at every call, possibly greatly increasing memory usage. To compact weights again call flatten_parameters(). (Triggered internally at C:\actions-runner\_work\pytorch\pytorch\pytorch\aten\src\ATen\native\cudnn\RNN.cpp:1481.)
  result = _VF.lstm(
10/63 pairs, 193s
C:\Users\User\AppData\Roaming\Python\Python311\site-packages\torch\nn\modules\rnn.py:1124: UserWarning: RNN module weights are not part of single contiguous chunk of memory. This means they need to be compacted at every call, possibly greatly increasing memory usage. To compact weights again call flatten_parameters(). (Triggered internally at C:\actions-runner\_work\pytorch\pytorch\pytorch\aten\src\ATen\native\cudnn\RNN.cpp:1481.)
  result = _VF.lstm(
20/63 pairs, 333s
C:\Users\User\AppData\Roaming\Python\Python311\site-packages\torch\nn\modules\rnn.py:1124: UserWarning: RNN module weights are not part of single contiguous chunk of memory. This means they need to be compacted at every call, possibly greatly increasing memory usage. To compact weights again call flatten_parameters(). (Triggered internally at C:\actions-runner\_work\pytorch\pytorch\pytorch\aten\src\ATen\native\cudnn\RNN.cpp:1481.)
  result = _VF.lstm(
30/63 pairs, 502s
C:\Users\User\AppData\Roaming\Python\Python311\site-packages\torch\nn\modules\rnn.py:1124: UserWarning: RNN module weights are not part of single contiguous chunk of memory. This means they need to be compacted at every call, possibly greatly increasing memory usage. To compact weights again call flatten_parameters(). (Triggered internally at C:\actions-runner\_work\pytorch\pytorch\pytorch\aten\src\ATen\native\cudnn\RNN.cpp:1481.)
  result = _VF.lstm(
40/63 pairs, 659s
C:\Users\User\AppData\Roaming\Python\Python311\site-packages\torch\nn\modules\rnn.py:1124: UserWarning: RNN module weights are not part of single contiguous chunk of memory. This means they need to be compacted at every call, possibly greatly increasing memory usage. To compact weights again call flatten_parameters(). (Triggered internally at C:\actions-runner\_work\pytorch\pytorch\pytorch\aten\src\ATen\native\cudnn\RNN.cpp:1481.)
  result = _VF.lstm(
50/63 pairs, 863s
C:\Users\User\AppData\Roaming\Python\Python311\site-packages\torch\nn\modules\rnn.py:1124: UserWarning: RNN module weights are not part of single contiguous chunk of memory. This means they need to be compacted at every call, possibly greatly increasing memory usage. To compact weights again call flatten_parameters(). (Triggered internally at C:\actions-runner\_work\pytorch\pytorch\pytorch\aten\src\ATen\native\cudnn\RNN.cpp:1481.)
  result = _VF.lstm(
60/63 pairs, 1000s
C:\Users\User\AppData\Roaming\Python\Python311\site-packages\torch\nn\modules\rnn.py:1124: UserWarning: RNN module weights are not part of single contiguous chunk of memory. This means they need to be compacted at every call, possibly greatly increasing memory usage. To compact weights again call flatten_parameters(). (Triggered internally at C:\actions-runner\_work\pytorch\pytorch\pytorch\aten\src\ATen\native\cudnn\RNN.cpp:1481.)
  result = _VF.lstm(
63/63 pairs, 1034s
              own  ridge_own  ret_nn  ret_ridge  gain_nn  gain_ridge
gap_target                                                          
1           0.400      0.346   0.292      0.665    0.706       0.734
7           0.180      0.288   0.558      0.427    1.321       0.874
30          0.174      0.239   0.325      0.197    0.891       0.837
120         0.277      0.338  -0.161     -0.347    0.918       0.831
480         0.573      0.574  -0.344     -0.106    0.796       0.773
