10/88 pairs, 450s
20/88 pairs, 868s
30/88 pairs, 1383s
40/88 pairs, 1855s
50/88 pairs, 2376s
60/88 pairs, 2976s
70/88 pairs, 3458s
80/88 pairs, 3916s
88/88 pairs, 4266s
gap_target     1     7     30    120   480
ret_L3_n10    0.42  0.24 -0.62  0.11  0.04
ret_L6p_n10   0.54  0.34 -0.08  0.25  0.08
ret_L6_n10    0.27  0.19 -0.12  0.12  0.30
ret_L3_n20    0.49  0.15 -0.01  0.16  0.17
ret_L6p_n20   0.55  0.40  0.06  0.31  0.17
ret_L6_n20    0.30  0.12  0.09  0.18  0.39
ret_L3_n50    0.73  0.10 -0.03  0.28  0.30
ret_L6p_n50   0.92  0.32 -0.00  0.36  0.44
ret_L6_n50    0.47  0.45  0.43  0.40  0.69
ret_L3_n100   0.81  0.32  0.23  0.35  0.47
ret_L6p_n100  0.93  0.11  0.33  0.50  0.75
ret_L6_n100   0.89  0.46  0.50  0.48  0.85
ret_L3_n300   0.72  0.48  0.41  0.47  0.58
ret_L6p_n300  0.83  0.50  0.74  0.69  0.85
ret_L6_n300   0.94  0.69  0.78  0.70  0.82
